<testsuites id="" name="" tests="4" failures="0" skipped="1" errors="0" time="8.510205">
<testsuite name="playwright/tests/demo/demo.spec.ts" timestamp="2023-12-23T13:35:52.963Z" hostname="mobile" tests="4" failures="0" skipped="1" time="12.048" errors="0">
<testcase name="Demo › E2E- productSearch - Ürün arama - @mobile" classname="playwright/tests/demo/demo.spec.ts" time="7.522">
</testcase>
<testcase name="Demo › E2E- highestPriceStatus - Dip kategoride en yüksek fiyat listelenmesi status kontrol - @mobile, @web" classname="playwright/tests/demo/demo.spec.ts" time="2.228">
</testcase>
<testcase name="Demo › E2E- discountedPricesStatus - Dip kategoride fiyatı düşenler listelenmesi status kontrol - @mobile, @web" classname="playwright/tests/demo/demo.spec.ts" time="2.298">
</testcase>
<testcase name="Demo › E2E- loginUserMobile - Kullanıcı giriş yaptıktan sonra status ve title kontrolleri - @mobile" classname="playwright/tests/demo/demo.spec.ts" time="0">
<properties>
<property name="skip" value="">
</property>
</properties>
<skipped>
</skipped>
</testcase>
</testsuite>
</testsuites>